A51 MACRO ASSEMBLER  ADD_16                                                               01/22/2022 18:36:22 PAGE     1


MACRO ASSEMBLER A51 V8.2.7.0
OBJECT MODULE PLACED IN .\Objects\add_16.obj
ASSEMBLER INVOKED BY: F:\keil software\C51\BIN\A51.EXE add_16.a51 SET(SMALL) DEBUG PRINT(.\Listings\add_16.lst) OBJECT(.
                      \Objects\add_16.obj) EP

LOC  OBJ            LINE     SOURCE

0000                   1     ORG 0H
0000 020100            2     LJMP MAIN
0100                   3     ORG 100H
0100                   4     MAIN:
0100 3130              5     CALL ADD16
0102 80FE              6     HERE: SJMP HERE
0130                   7     ORG 130H
0130                   8     ADD16:
0130 3571              9     ADDC A,71H
0132 3573             10     ADDC A,73H
0134 F576             11     MOV 76H,A
0136 E4               12     CLR A
0137 3570             13     ADDC A,70H
0139 3572             14     ADDC A,72H
013B F575             15     MOV 75H,A
013D E4               16     CLR A
013E 33               17     RLC A
013F F574             18     MOV 74H,A
0141 22               19     RET
                      20     END
A51 MACRO ASSEMBLER  ADD_16                                                               01/22/2022 18:36:22 PAGE     2

SYMBOL TABLE LISTING
------ ----- -------


N A M E             T Y P E  V A L U E   ATTRIBUTES

ADD16. . . . . . .  C ADDR   0130H   A   
HERE . . . . . . .  C ADDR   0102H   A   
MAIN . . . . . . .  C ADDR   0100H   A   


REGISTER BANK(S) USED: 0 


ASSEMBLY COMPLETE.  0 WARNING(S), 0 ERROR(S)
